159936
126858
722
0
833992
2756
1263249
6657
5531904
38194324
